exports[`test renders correctly 1`] = `
<nav
  className="page-controls navbar navbar-dashboard">
  <div
    className="container-fluid">
    <div
      className="navbar-header">
      <ul
        className="nav navbar-nav">
        <li
          className="nav-item">
          <a
            className="hidden-md-down nav-link"
            data-html="true"
            data-original-title="Turn<br>on/off<br>sidebar<br>collapsing"
            data-placement="bottom"
            data-toggle="tooltip"
            href="#"
            id="nav-state-toggle">
            <i
              className="fa fa-bars fa-lg" />
          </a>
          <a
            className="hidden-lg-up nav-link"
            data-html="true"
            data-placement="bottom"
            href="#"
            id="nav-collapse-toggle"
            title="Show/hide<br>sidebar">
            <span
              className="rounded rounded-lg bg-gray text-white hidden-md-up">
              <i
                className="fa fa-bars fa-lg" />
            </span>
            <i
              className="fa fa-bars fa-lg hidden-sm-down" />
          </a>
        </li>
      </ul>
    </div>
    <div
      className="collapse navbar-collapse" />
  </div>
</nav>
`;
