exports[`test renders correctly 1`] = `
<li
  className="">
  <a
    className="collapsed"
    data-parent="#sidebar"
    data-toggle="collapse"
    href="#sidebar-undefined">
    <span
      className="icon">
      <i
        className="glyphicon glyphicon-undefined" />
    </span>
    <i
      className="toggle fa fa-angle-down" />
  </a>
  <ul
    className="collapse"
    id="sidebar-undefined">
    <li>
      <a
        onClick={[Function]}
        style={Object {}}>
        1
      </a>
    </li>
    <li>
      <a
        onClick={[Function]}
        style={Object {}}>
        2
      </a>
    </li>
    <li>
      <a
        onClick={[Function]}
        style={Object {}}>
        3
      </a>
    </li>
  </ul>
</li>
`;
